// Jest Snapshot v1, https://goo.gl/fbAQLP

exports[`Loading.Container loading快照 1`] = `
<div
  className="loading-container"
>
  <div
    className="loading"
  >
    <i />
    <i />
    <i />
  </div>
  <style>
    
          .loading &gt; i {
            width: 14px;
            height: 14px;
            margin-right: 9.333333333333334px;
          }
        
  </style>
  <style>
    
          .loading &gt; i {
            display: inline-block;
            background: #dadada;
            border-radius: 50%;
            animation: loading-zoom 1.4s infinite both;
          }

          .loading &gt; i:nth-child(2) {
            animation-delay: 0.2s;
          }

          .loading &gt; i:nth-child(3) {
            animation-delay: 0.4s;
            margin-right: 0;
          }

          @keyframes loading-zoom {
            0% {
              opacity: 0.2;
            }
            20% {
              opacity: 1;
            }
            100% {
              opacity: 0.2;
            }
          }
        
  </style>
</div>
`;
